  Determining projects to restore...
  All projects are up-to-date for restore.
  CLARIHR.Domain -> /Users/christophercanas/Developments/CLARI NEW VERSION/clarihr-backend/CLARIHR-backend/src/CLARIHR.Domain/bin/Debug/net10.0/CLARIHR.Domain.dll
  CLARIHR.Application -> /Users/christophercanas/Developments/CLARI NEW VERSION/clarihr-backend/CLARIHR-backend/src/CLARIHR.Application/bin/Debug/net10.0/CLARIHR.Application.dll
  CLARIHR.Infrastructure -> /Users/christophercanas/Developments/CLARI NEW VERSION/clarihr-backend/CLARIHR-backend/src/CLARIHR.Infrastructure/bin/Debug/net10.0/CLARIHR.Infrastructure.dll
  CLARIHR.Backoffice.Api -> /Users/christophercanas/Developments/CLARI NEW VERSION/clarihr-backend/CLARIHR-backend/src/CLARIHR.Backoffice.Api/bin/Debug/net10.0/CLARIHR.Backoffice.Api.dll
  CLARIHR.Api -> /Users/christophercanas/Developments/CLARI NEW VERSION/clarihr-backend/CLARIHR-backend/src/CLARIHR.Api/bin/Debug/net10.0/CLARIHR.Api.dll
  CLARIHR.Application.UnitTests -> /Users/christophercanas/Developments/CLARI NEW VERSION/clarihr-backend/CLARIHR-backend/tests/CLARIHR.Application.UnitTests/bin/Debug/net10.0/CLARIHR.Application.UnitTests.dll
Test run for /Users/christophercanas/Developments/CLARI NEW VERSION/clarihr-backend/CLARIHR-backend/tests/CLARIHR.Application.UnitTests/bin/Debug/net10.0/CLARIHR.Application.UnitTests.dll (.NETCoreApp,Version=v10.0)
VSTest version 18.0.1 (arm64)

Starting test execution, please wait...
A total of 1 test files matched the specified pattern.
/Users/christophercanas/Developments/CLARI NEW VERSION/clarihr-backend/CLARIHR-backend/tests/CLARIHR.Application.UnitTests/bin/Debug/net10.0/CLARIHR.Application.UnitTests.dll
[xUnit.net 00:00:00.00] xUnit.net VSTest Adapter v3.1.4+50e68bbb8b (64-bit .NET 10.0.2)
[xUnit.net 00:00:00.05]   Discovering: CLARIHR.Application.UnitTests
[xUnit.net 00:00:00.09]   Discovered:  CLARIHR.Application.UnitTests
[xUnit.net 00:00:00.11]   Starting:    CLARIHR.Application.UnitTests
  Passed CLARIHR.Application.UnitTests.LocationDomainTests.LocationGroup_Update_WhenDefaultIdentityChanges_ShouldThrow [4 ms]
  Passed CLARIHR.Application.UnitTests.JobProfileDomainTests.JobProfile_UpdateCore_WithInitialSetup_ShouldKeepVersionWhenBumpDisabled [6 ms]
  Passed CLARIHR.Application.UnitTests.CompetencyFrameworkDomainTests.JobProfileCompetencyExpectation_ReplaceConducts_ShouldRefreshConcurrencyToken [5 ms]
  Passed CLARIHR.Application.UnitTests.OrgUnitDomainTests.OrgUnit_Inactivate_ShouldRefreshConcurrencyToken [5 ms]
  Passed CLARIHR.Application.UnitTests.PolicyAndReportCapabilityTests.ResourceActionPolicyService_WhenSoftDeletePolicyApplies_ShouldDisableDelete [4 ms]
  Passed CLARIHR.Application.UnitTests.JobProfileDomainTests.JobProfile_UpdateCore_WithoutOrgUnit_ShouldThrow [< 1 ms]
  Passed CLARIHR.Application.UnitTests.LocationDomainTests.LocationGroup_Inactivate_WhenDefaultGroup_ShouldThrow [< 1 ms]
  Passed CLARIHR.Application.UnitTests.LocationDomainTests.LocationLevel_Create_WhenRequiredButInactive_ShouldThrow [< 1 ms]
  Passed CLARIHR.Application.UnitTests.CompetencyFrameworkDomainTests.OccupationalPyramidLevel_Update_ShouldRefreshConcurrencyToken [1 ms]
  Passed CLARIHR.Application.UnitTests.CompetencyFrameworkDomainTests.CompetencyConductBehavior_Create_WithInvalidCatalogId_ShouldThrow [1 ms]
  Passed CLARIHR.Application.UnitTests.CompetencyFrameworkDomainTests.OccupationalPyramidLevel_Create_ShouldNormalizeAndSetActiveState [< 1 ms]
  Passed CLARIHR.Application.UnitTests.PolicyAndReportCapabilityTests.ReportCapabilityRegistry_ShouldReturnOrgUnitCapabilities [2 ms]
  Passed CLARIHR.Application.UnitTests.PolicyAndReportCapabilityTests.ResourceActionPolicyService_WhenDependenciesExist_ShouldDisableInactivate [< 1 ms]
  Passed CLARIHR.Application.UnitTests.CompetencyFrameworkDomainTests.CompetencyConduct_ReplaceBehaviors_ShouldReplaceCollectionAndRefreshToken [< 1 ms]
  Passed CLARIHR.Application.UnitTests.CompetencyFrameworkDomainTests.CompetencyConduct_Create_ShouldNormalizeDescription [< 1 ms]
  Passed CLARIHR.Application.UnitTests.PolicyAndReportCapabilityTests.ResourceActionPolicyService_WhenStateIsNonEditable_ShouldDisableEdit [< 1 ms]
  Passed CLARIHR.Application.UnitTests.PolicyAndReportCapabilityTests.ReportCapabilityRegistry_WhenUnknownResource_ShouldReturnFalse [< 1 ms]
  Passed CLARIHR.Application.UnitTests.PersonnelFilesCoreCommandTests.Activate_WhenSuccessful_ShouldReturnShellWithoutLoadingFullResponse [11 ms]
  Passed CLARIHR.Application.UnitTests.JobProfileDomainTests.JobProfileDependencyAnalyzer_WouldCreateDependentCycle_ShouldReturnTrue [4 ms]
  Passed CLARIHR.Application.UnitTests.PolicyAndReportCapabilityTests.ReportCapabilityRegistry_ShouldReturnCompetencyFrameworkCapabilities [< 1 ms]
  Passed CLARIHR.Application.UnitTests.JobProfileDomainTests.JobProfile_UpdateCore_ShouldRefreshConcurrencyToken [< 1 ms]
  Passed CLARIHR.Application.UnitTests.OrgUnitDomainTests.OrgUnit_Create_ShouldNormalizeCodeAndName [4 ms]
  Passed CLARIHR.Application.UnitTests.OrgUnitDomainTests.OrgUnit_Move_WhenSortOrderIsNegative_ShouldThrow [< 1 ms]
  Passed CLARIHR.Application.UnitTests.ReportExportGovernanceTests.Controllers_ShouldNotReintroduceManualTableExportBuildersOutsideExemptions [12 ms]
  Passed CLARIHR.Application.UnitTests.PersonnelFileEmployeeRelationsCommandTests.Add_WhenRelatedEmployeeIsSamePersonnelFile_ShouldReturnValidationError [14 ms]
  Passed CLARIHR.Application.UnitTests.OrgUnitDomainTests.OrgUnitHierarchyBuilder_WouldCreateCycle_WhenParentIsDescendant_ShouldReturnTrue [2 ms]
  Passed CLARIHR.Application.UnitTests.JobProfileDomainTests.JobProfileDependencyAnalyzer_WouldCreateReportsToCycle_ShouldReturnTrue [4 ms]
  Passed CLARIHR.Application.UnitTests.AuditControllerTests.List_WhenModelBindingAlreadyResolvedEntityId_ShouldNotOverrideBoundValue [16 ms]
  Passed CLARIHR.Application.UnitTests.OrgUnitDomainTests.OrgUnitHierarchyBuilder_CalculateDepth_WhenPathExceedsLimit_ShouldReturnGreaterThanMaxDepth [2 ms]
  Passed CLARIHR.Application.UnitTests.PersonnelFileEmployeeRelationsCommandTests.Update_WhenConcurrencyTokenDoesNotMatch_ShouldReturnConcurrencyConflict [3 ms]
  Passed CLARIHR.Application.UnitTests.PersonnelFileDocumentUploadGuardTests.ValidateAsync_WhenAllowedFileMatchesSignature_ShouldSucceed(fileName: "photo.jpg", contentType: "image/jpeg", signature: [255, 216, 255, 224]) [8 ms]
  Passed CLARIHR.Application.UnitTests.PersonnelFileDocumentUploadGuardTests.ValidateAsync_WhenAllowedFileMatchesSignature_ShouldSucceed(fileName: "photo.png", contentType: "image/png", signature: [137, 80, 78, 71, 13, ···]) [< 1 ms]
  Passed CLARIHR.Application.UnitTests.PersonnelFileDocumentUploadGuardTests.ValidateAsync_WhenAllowedFileMatchesSignature_ShouldSucceed(fileName: "document.docx", contentType: "application/vnd.openxmlformats-officedocument.word"···, signature: [80, 75, 3, 4]) [< 1 ms]
  Passed CLARIHR.Application.UnitTests.LocationSeedTemplateTests.CountryLocationTemplateRegistry_ForSV_ShouldExpose14DepartmentsAnd44Municipalities [6 ms]
  Passed CLARIHR.Application.UnitTests.PersonnelFileDocumentUploadGuardTests.ValidateAsync_WhenAllowedFileMatchesSignature_ShouldSucceed(fileName: "document.pdf", contentType: "application/pdf", signature: [37, 80, 68, 70, 45]) [< 1 ms]
  Passed CLARIHR.Application.UnitTests.PersonnelFileDocumentUploadGuardTests.ValidateAsync_WhenFileIsMissingOrEmpty_ShouldReturnRequiredError [< 1 ms]
  Passed CLARIHR.Application.UnitTests.PersonnelFileDocumentUploadGuardTests.ValidateAsync_WhenFileExceedsLimit_ShouldReturnTooLargeErrorWithoutReadingStream [< 1 ms]
  Passed CLARIHR.Application.UnitTests.PlatformAuthorizationServiceTests.EnsureCanManageAsync_WhenOperatorIsReadOnly_ShouldReturnForbidden [2 ms]
  Passed CLARIHR.Application.UnitTests.PersonnelFileDocumentUploadGuardTests.ValidateAsync_WhenSignatureDoesNotMatchDeclaredType_ShouldReturnUnsupportedError [< 1 ms]
  Passed CLARIHR.Application.UnitTests.AuditControllerTests.List_WhenBoundQueryMissesLegacyEntityId_ShouldDispatchNormalizedEntityId [3 ms]
  Passed CLARIHR.Application.UnitTests.PersonnelFileDocumentUploadGuardTests.ValidateAsync_WhenExtensionOrMimeTypeIsUnsupported_ShouldReturnUnsupportedError [< 1 ms]
  Passed CLARIHR.Application.UnitTests.PlatformAuthorizationServiceTests.EnsureCanManageAsync_WhenOperatorIsAdmin_ShouldSucceed [< 1 ms]
  Passed CLARIHR.Application.UnitTests.AuditControllerTests.List_WhenBoundQueryMissesPublicEntityIdAlias_ShouldDispatchNormalizedEntityId [< 1 ms]
  Passed CLARIHR.Application.UnitTests.PlatformAuthorizationServiceTests.EnsureCanReadAsync_WhenUserIsUnauthenticated_ShouldReturnUnauthenticated [< 1 ms]
  Passed CLARIHR.Application.UnitTests.JobProfileDomainTests.JobProfile_Publish_WithMinimumData_ShouldTransitionToPublished [4 ms]
  Passed CLARIHR.Application.UnitTests.JobProfileDomainTests.JobProfile_Create_ShouldNormalizeCodeAndTitle [< 1 ms]
  Passed CLARIHR.Application.UnitTests.JobProfileDomainTests.JobProfile_Publish_WhenMissingMinimumData_ShouldThrow [< 1 ms]
  Passed CLARIHR.Application.UnitTests.PersonnelFilesCoreCommandTests.Create_WhenSuccessful_ShouldReturnShellWithoutLoadingFullResponse [10 ms]
  Passed CLARIHR.Application.UnitTests.PersonnelFileEmployeeRelationsCommandTests.Update_WhenRelationExists_ShouldUpdateRelation [3 ms]
  Passed CLARIHR.Application.UnitTests.PersonnelFileEmployeeRelationsCommandTests.Add_WhenDuplicateRelationExists_ShouldReturnValidationError [< 1 ms]
  Passed CLARIHR.Application.UnitTests.PersonnelFilesCoreCommandTests.Inactivate_WhenSuccessful_ShouldReturnShellWithoutLoadingFullResponse [2 ms]
  Passed CLARIHR.Application.UnitTests.FieldPermissionEvaluatorTests.BuildProfile_WhenFieldIsReadOnly_ShouldBlockUpdateWrites [5 ms]
  Passed CLARIHR.Application.UnitTests.FieldPermissionEvaluatorTests.NormalizeOverride_WhenVisibilityIsDisabled_ShouldNormalizeDependentFlags [< 1 ms]
  Passed CLARIHR.Application.UnitTests.PersonnelFileEmployeeRelationsCommandTests.Delete_WhenConcurrencyTokenDoesNotMatch_ShouldReturnConcurrencyConflict [2 ms]
  Passed CLARIHR.Application.UnitTests.InternalCatalogAdministrationTests.Registry_ShouldExposeExpectedJobProfileRequirementDefinitions [3 ms]
  Passed CLARIHR.Application.UnitTests.FieldPermissionEvaluatorTests.BuildProfile_WhenFieldVisibilityIsDisabled_ShouldHideAndStopSerializingTheField [< 1 ms]
  Passed CLARIHR.Application.UnitTests.CompanyPreferenceAdministrationTests.UpdateCompanyPreferencesCommandHandler_WhenRequestIsValid_ShouldUpdatePreference [4 ms]
  Passed CLARIHR.Application.UnitTests.PersonnelFileEmployeeRelationsCommandTests.Update_WhenSelfReference_ShouldReturnValidationError [< 1 ms]
  Passed CLARIHR.Application.UnitTests.PersonnelFileEmployeeRelationsCommandTests.Add_WhenConcurrencyTokenDoesNotMatch_ShouldReturnConcurrencyConflict [< 1 ms]
  Passed CLARIHR.Application.UnitTests.CompanyPreferenceAdministrationTests.GetCompanyPreferencesQueryHandler_WhenAuthorizationFails_ShouldReturnFailure [1 ms]
  Passed CLARIHR.Application.UnitTests.PersonnelFileEmployeeRelationsCommandTests.Add_WhenRelatedPersonnelFileIsNotAnEmployee_ShouldReturnValidationError [< 1 ms]
  Passed CLARIHR.Application.UnitTests.IdentityAndPublicContractStandardsTests.IamUser_CreateLinked_ShouldGenerateIndependentPublicId_AndTrackLinkedUserPublicId [1 ms]
  Passed CLARIHR.Application.UnitTests.CompanyPreferenceAdministrationTests.UpdateCompanyPreferencesCommandHandler_WhenConcurrencyTokenDiffers_ShouldReturnConflict [< 1 ms]
  Passed CLARIHR.Application.UnitTests.PersonnelFileEmployeeRelationsCommandTests.Update_WhenRelationNotFound_ShouldReturnNotFoundError [< 1 ms]
  Passed CLARIHR.Application.UnitTests.AccountCompanySubscriptionHelperTests.EnsureMasterPlanAccessAsync_WhenTargetPlanIsMasterWithActiveOperator_ShouldSucceed [7 ms]
  Passed CLARIHR.Application.UnitTests.PersonnelFileEmployeeRelationsCommandTests.Add_WhenPersonnelFileNotFound_ShouldReturnNotFoundError [< 1 ms]
  Passed CLARIHR.Application.UnitTests.IdentityAndPublicContractStandardsTests.PublicContractNaming_ShouldExposeOnlyPublicIdentifiers_AndUppercaseCodes [1 ms]
  Passed CLARIHR.Application.UnitTests.FieldPermissionEvaluatorTests.BuildProfile_WhenScreenAccessIsMissing_ShouldHideAllFields [3 ms]
  Passed CLARIHR.Application.UnitTests.AccountCompanySubscriptionHelperTests.EnsureMasterPlanAccessAsync_WhenTargetPlanIsMasterWithoutActiveOperator_ShouldReturnForbidden [1 ms]
  Passed CLARIHR.Application.UnitTests.AccountCompanySubscriptionHelperTests.EnsureMasterPlanAccessAsync_WhenTargetPlanIsNotMaster_ShouldSucceed [< 1 ms]
  Passed CLARIHR.Application.UnitTests.PositionSlotAdministrationTests.Update_WhenRoleChanges_ShouldSyncLinkedUsersForAssignedSlot [21 ms]
  Passed CLARIHR.Application.UnitTests.InternalCatalogAdministrationTests.ResolveForCreateAsync_WhenExactMatchExists_ShouldReuseExistingValue [7 ms]
  Passed CLARIHR.Application.UnitTests.PersonnelFileEmployeeRelationsCommandTests.Delete_WhenRelationNotFound_ShouldReturnNotFoundError [4 ms]
  Passed CLARIHR.Application.UnitTests.InternalCatalogAdministrationTests.NormalizeValue_ShouldStripDiacriticsPunctuationAndCollapseWhitespace [< 1 ms]
  Passed CLARIHR.Application.UnitTests.PersonnelFileEmployeeRelationsCommandTests.Add_WhenRelatedEmployeeExists_ShouldPersistRelation [< 1 ms]
  Passed CLARIHR.Application.UnitTests.PersonnelFileEmployeeRelationsCommandTests.Delete_WhenRelationExists_ShouldRemoveRelation [1 ms]
  Passed CLARIHR.Application.UnitTests.RbacAuthorizationEvaluatorTests.IsRbacSecurityAdministrator_WhenPermissionsManagementIsMissing_ShouldReturnFalse [7 ms]
  Passed CLARIHR.Application.UnitTests.RbacAuthorizationEvaluatorTests.IsAllowed_WhenActionIsGrantedWithoutAccess_ShouldReturnFalse [< 1 ms]
  Passed CLARIHR.Application.UnitTests.RbacAuthorizationEvaluatorTests.IsAllowed_WhenScreenAccessAndActionAreGranted_ShouldReturnTrue [< 1 ms]
  Passed CLARIHR.Application.UnitTests.RbacAuthorizationEvaluatorTests.IsRbacSecurityAdministrator_WhenRoleAndPermissionManagementExist_ShouldReturnTrue [< 1 ms]
  Passed CLARIHR.Application.UnitTests.RbacAuthorizationEvaluatorTests.IsAllowed_WhenManageOverrideIsGranted_ShouldReturnTrue [< 1 ms]
  Passed CLARIHR.Application.UnitTests.PersonnelFileEmploymentControllerTests.PreviewFinalize_WhenCreateUserAccountIsOmitted_ShouldDefaultToTrue [7 ms]
  Passed CLARIHR.Application.UnitTests.PersonnelFileEmploymentControllerTests.PreviewFinalize_WhenCreateUserAccountIsProvided_ShouldUseProvidedValue [< 1 ms]
  Passed CLARIHR.Application.UnitTests.FinalizePersonnelFileTests.Handle_WhenCreateUserAccountIsTrue_ShouldKeepProvisioningFlow [10 ms]
  Passed CLARIHR.Application.UnitTests.PersonnelFileEmploymentControllerTests.Finalize_WhenCreateUserAccountIsOmitted_ShouldDefaultToTrue [1 ms]
  Passed CLARIHR.Application.UnitTests.PersonnelFileProfileItemCommandTests.AddBankAccount_WhenRequestIsValid_ShouldPersistAndReturnCreatedItem [6 ms]
  Passed CLARIHR.Application.UnitTests.FinalizePersonnelFileTests.Preview_WhenCreateUserAccountIsTrueAndFieldsAreMissing_ShouldReturnIssues [3 ms]
  Passed CLARIHR.Application.UnitTests.FinalizePersonnelFileTests.Handle_WhenCreateUserAccountIsFalse_ShouldFinalizeWithoutProvisioning [1 ms]
  Passed CLARIHR.Application.UnitTests.FinalizePersonnelFileTests.Handle_WhenCreateUserAccountIsTrueAndPositionSlotRoleIsMissing_ShouldReturnValidationError [1 ms]
  Passed CLARIHR.Application.UnitTests.CommercialPlanDomainTests.Update_ShouldRefreshConcurrencyToken_AndReplaceLimits [5 ms]
  Passed CLARIHR.Application.UnitTests.FinalizePersonnelFileTests.Handle_WhenCreateUserAccountIsFalseAndInstitutionalEmailMissing_ShouldReturnValidationError [< 1 ms]
  Passed CLARIHR.Application.UnitTests.FinalizePersonnelFileTests.Preview_WhenCreateUserAccountIsFalse_ShouldIgnoreMissingPositionSlotRole [< 1 ms]
  Passed CLARIHR.Application.UnitTests.PersonnelFileProfileItemCommandTests.DeleteEmergencyContact_WhenItemExists_ShouldRemoveItem [4 ms]
  Passed CLARIHR.Application.UnitTests.CommercialPlanDomainTests.Create_ShouldRejectNegativeAmounts [< 1 ms]
  Passed CLARIHR.Application.UnitTests.CommercialPlanDomainTests.Create_ShouldCreateInitialPricingVersion [< 1 ms]
  Passed CLARIHR.Application.UnitTests.CommercialPlanDomainTests.Create_ShouldRejectDuplicateLimitCodes [< 1 ms]
  Passed CLARIHR.Application.UnitTests.PasswordResetAdministrationTests.ValidatePasswordResetTokenQueryHandler_WhenTokenIsMissing_ShouldReturnUnauthorized [2 ms]
  Passed CLARIHR.Application.UnitTests.LoginCommandValidatorTests.Validate_WhenEmailIsInvalid_ShouldReturnValidationError [12 ms]
  Passed CLARIHR.Application.UnitTests.RefreshTokenCommandValidatorTests.Validate_WhenRefreshTokenIsEmpty_ShouldReturnValidationError [35 ms]
  Passed CLARIHR.Application.UnitTests.InternalCatalogAdministrationTests.ResolveForUsageAsync_WhenSimilarValueExists_ShouldReuseExistingValueAndRegisterUsage [14 ms]
  Passed CLARIHR.Application.UnitTests.CommercialPlanDomainTests.Update_WhenPricingChanges_ShouldCreateNewVersionAndClosePreviousOne [1 ms]
  Passed CLARIHR.Application.UnitTests.ReportExportJobDomainTests.MarkRunning_ThenProcessingFailed_ShouldRetryUntilMaxAttempts [2 ms]
  Passed CLARIHR.Application.UnitTests.PersonnelFileProfileItemCommandTests.UpdateReference_WhenItemNotFound_ShouldReturnNotFoundError [4 ms]
  Passed CLARIHR.Application.UnitTests.ReportExportJobDomainTests.Create_ShouldNormalizeResourceAndFormat_AndStartQueued [< 1 ms]
  Passed CLARIHR.Application.UnitTests.CommercialPlanDomainTests.Activate_AndInactivate_ShouldTransitionStatus_AndRefreshConcurrencyToken [3 ms]
  Passed CLARIHR.Application.UnitTests.InternalCatalogAdministrationTests.SearchQueryHandler_ShouldUse070ThresholdAndReturnMatches [4 ms]
  Passed CLARIHR.Application.UnitTests.ReportExportTelemetryTests.ProcessDueJobsAsync_WhenUnexpectedErrorAndAttemptsRemain_ShouldEmitRetryTelemetry [24 ms]
  Passed CLARIHR.Application.UnitTests.InternalCatalogAdministrationTests.ResolveForCreateAsync_WhenSimilarValueExists_ShouldRejectAndUse090Threshold [1 ms]
  Passed CLARIHR.Application.UnitTests.InternalCatalogAdministrationTests.SearchQueryHandler_WhenUserIsUnauthenticated_ShouldReturnUnauthorizedFailure [1 ms]
  Passed CLARIHR.Application.UnitTests.CommercialPlanDomainTests.Create_ShouldNormalizePlanAndLimitCodes_AndOrderLimits [3 ms]
  Passed CLARIHR.Application.UnitTests.ReportExportJobDomainTests.MarkSucceeded_ThenExpired_ShouldClearLeaseAndExposeArtifactMetadata [4 ms]
  Passed CLARIHR.Application.UnitTests.ReportExportJobDomainTests.Cancel_WhenQueued_ShouldMarkCancelled [< 1 ms]
  Passed CLARIHR.Application.UnitTests.PlatformSubscriptionStatusChangeTests.ChangeStatus_WhenSchedulingReactivation_ShouldPersistPendingRequestWithoutMutatingSubscription [35 ms]
  Passed CLARIHR.Application.UnitTests.PersonnelFileProfileItemCommandTests.AddAddress_WhenRequestIsValid_ShouldPersistAndReturnCreatedItem [5 ms]
  Passed CLARIHR.Application.UnitTests.ReportExportTelemetryTests.ExecuteCycleAsync_WhenProcessorReturnsWork_ShouldEmitCycleCompletedTelemetry [3 ms]
  Passed CLARIHR.Application.UnitTests.PlatformSubscriptionStatusChangeTests.ChangeStatus_WhenScheduledRequestAlreadyExists_ShouldReturnConflict [< 1 ms]
  Passed CLARIHR.Application.UnitTests.CommercialPlanAdministrationTests.Update_WhenConcurrencyTokenDoesNotMatch_ShouldReturnConflict [3 ms]
  Passed CLARIHR.Application.UnitTests.CommercialPlanAdministrationTests.Inactivate_WhenPlanIsSystemPlan_ShouldReturnConflict [1 ms]
  Passed CLARIHR.Application.UnitTests.PlatformSubscriptionStatusChangeTests.ChangeStatus_WhenReactivationIsImmediate_ShouldRestoreActiveAndBillable [7 ms]
  Passed CLARIHR.Application.UnitTests.PasswordResetAdministrationTests.RedeemPasswordResetCommandHandler_WhenTokenIsValid_ShouldUpdatePasswordAndRevokeSessions [17 ms]
  Passed CLARIHR.Application.UnitTests.ReportExportTelemetryTests.ProcessDueJobsAsync_WhenArtifactDeleteFails_ShouldTrackCleanupFailureAndContinue [10 ms]
  Passed CLARIHR.Application.UnitTests.PlatformSubscriptionStatusChangeTests.Preview_WhenSubscriptionIsNotSuspended_ShouldReturnIneligible [3 ms]
  Passed CLARIHR.Application.UnitTests.PasswordResetAdministrationTests.RequestPasswordResetCommandHandler_WhenUserIsEligible_ShouldIssueTokenAndSendEmail [4 ms]
  Passed CLARIHR.Application.UnitTests.PersonnelFileProfileItemCommandTests.AddLanguage_WhenRequestIsValid_ShouldPersistAndReturnCreatedItem [13 ms]
  Passed CLARIHR.Application.UnitTests.ReportExportTelemetryTests.ProcessDueJobsAsync_WhenJobSucceeds_ShouldEmitStructuredSuccessTelemetry [3 ms]
  Passed CLARIHR.Application.UnitTests.ReportExportTelemetryTests.ExecuteCycleAsync_WhenProcessorThrows_ShouldEmitCycleFailedTelemetry [1 ms]
  Passed CLARIHR.Application.UnitTests.LoginCommandHandlerTests.Handle_WhenUserIsExternal_ShouldReturnUnauthorized [3 ms]
  Passed CLARIHR.Application.UnitTests.LoginCommandHandlerTests.Handle_WhenPasswordIsInvalid_ShouldReturnUnauthorized [< 1 ms]
  Passed CLARIHR.Application.UnitTests.RequestDispatcherTests.SendAsync_InvokesHandler_WhenValidationPasses [26 ms]
  Passed CLARIHR.Application.UnitTests.PersonnelFileProfileItemCommandTests.UpdateReference_WhenRequestIsValid_ShouldReturnUpdatedItem [7 ms]
  Passed CLARIHR.Application.UnitTests.LoginCommandHandlerTests.Handle_WhenCredentialsAreValid_ShouldReturnAuthResponse [4 ms]
  Passed CLARIHR.Application.UnitTests.CommercialPlanAdministrationTests.Update_WhenMasterSystemPlanIsTrimmed_ShouldRestoreFullCatalogModules [20 ms]
  Passed CLARIHR.Application.UnitTests.CommercialPlanAdministrationTests.Update_WhenSystemPlanCodeOrNameChanges_ShouldReturnConflict [< 1 ms]
  Passed CLARIHR.Application.UnitTests.ProvisionCompanyForUserCommandHandlerTests.Handle_WhenProvisioningStepThrows_ShouldRollbackAndReturnFailure [12 ms]
  Passed CLARIHR.Application.UnitTests.RequestDispatcherTests.SendAsync_ReturnsValidationFailure_WhenValidatorFails [7 ms]
  Passed CLARIHR.Application.UnitTests.PersonnelFileProfileItemCommandTests.DeleteReference_WhenItemNotFound_ShouldReturnNotFoundError [4 ms]
  Passed CLARIHR.Application.UnitTests.CommercialPlanAdministrationTests.Create_WhenCodeAlreadyExists_ShouldReturnConflict [2 ms]
  Passed CLARIHR.Application.UnitTests.CommercialPlanAdministrationTests.Update_ShouldReplaceLimitsAndRefreshConcurrencyToken [2 ms]
  Passed CLARIHR.Application.UnitTests.AuthorizeResourceFilterTests.OnActionExecutionAsync_WhenUserLacksPermission_ShouldReturn403ProblemDetails [7 ms]
  Passed CLARIHR.Application.UnitTests.PersonnelFileProfileItemCommandTests.AddReference_WhenReferenceTypeCodeIsInvalid_ShouldReturnValidationError [3 ms]
  Passed CLARIHR.Application.UnitTests.AuthorizeResourceFilterTests.OnActionExecutionAsync_WhenAuthorizationSucceeds_ShouldInvokeNext [< 1 ms]
  Passed CLARIHR.Application.UnitTests.AuthorizeResourceFilterTests.OnActionExecutionAsync_WhenUserIsUnauthenticated_ShouldReturn401ProblemDetails [2 ms]
  Passed CLARIHR.Application.UnitTests.RefreshTokenCommandHandlerTests.Handle_WhenRefreshTokenIsInvalid_ShouldReturnUnauthorized [1 ms]
  Passed CLARIHR.Application.UnitTests.PersonnelFileProfileItemCommandTests.DeleteBankAccount_WhenItemExists_ShouldRemoveItem [4 ms]
  Passed CLARIHR.Application.UnitTests.PersonnelFileProfileItemCommandTests.AddBankAccount_WhenBankNotFound_ShouldReturnValidationError [< 1 ms]
  Passed CLARIHR.Application.UnitTests.CommercialPlanAdministrationTests.Search_ShouldApplyStatusSearchAndPagination [5 ms]
  Passed CLARIHR.Application.UnitTests.ReportExportFileWriterTests.WriteAsync_WhenXlsx_ShouldWriteWorkbookEntriesAndEscapeXml [24 ms]
  Passed CLARIHR.Application.UnitTests.CommercialPlanAdministrationTests.Create_WhenAuthorizationFails_ShouldReturnForbidden [4 ms]
  Passed CLARIHR.Application.UnitTests.RefreshTokenCommandHandlerTests.Handle_WhenRefreshTokenIsValid_ShouldReturnRotatedTokenPair [7 ms]
  Passed CLARIHR.Application.UnitTests.CommercialPlanAdministrationTests.GetById_WhenPlanDoesNotExist_ShouldReturnNotFound [1 ms]
  Passed CLARIHR.Application.UnitTests.ReportExportFileWriterTests.WriteAsync_WhenCsv_ShouldEscapeValuesAndLeaveStreamOpen [3 ms]
  Passed CLARIHR.Application.UnitTests.CommercialAddonDomainTests.Update_ShouldRefreshConcurrencyToken_AndEditableFields [17 ms]
  Passed CLARIHR.Application.UnitTests.PersonnelFileProfileItemCommandTests.DeleteLanguage_WhenItemExists_ShouldRemoveItem [9 ms]
  Passed CLARIHR.Application.UnitTests.CommercialAddonDomainTests.Create_Massive_ShouldNormalizeCodeNameAndReservedPricingUnit [< 1 ms]
  Passed CLARIHR.Application.UnitTests.CommercialAddonDomainTests.Create_Massive_ShouldAllowNullMinimumMonthlyFee [< 1 ms]
  Passed CLARIHR.Application.UnitTests.PersonnelReferenceCatalogValidationTests.ValidatePersonalInfoCodesAsync_WhenMunicipalityDoesNotBelongToDepartment_ShouldReturnValidationError [< 1 ms]
  Passed CLARIHR.Application.UnitTests.PositionSlotAdministrationTests.CreateValidator_WhenOccupiedEmployeesExceedsCapacity_ShouldAttachErrorToOccupiedEmployees [69 ms]
  Passed CLARIHR.Application.UnitTests.PersonnelReferenceCatalogValidationTests.ValidateIdentificationTypeCodeAsync_WhenCodeIsInactive_ShouldReturnValidationError [5 ms]
  Passed CLARIHR.Application.UnitTests.CommercialAddonDomainTests.Activate_AndInactivate_ShouldTransitionStatus_AndRefreshConcurrencyToken [5 ms]
  Passed CLARIHR.Application.UnitTests.PersonnelReferenceCatalogValidationTests.ValidateKinshipCodeAsync_WhenCodeIsActive_ShouldReturnNone [< 1 ms]
  Passed CLARIHR.Application.UnitTests.CommercialAddonDomainTests.Create_ShouldRejectNegativeAmountsAndQuantities [< 1 ms]
  Passed CLARIHR.Application.UnitTests.PersonnelReferenceCatalogValidationTests.ValidateKinshipCodeAsync_WhenCodeIsInactive_ShouldReturnValidationError [< 1 ms]
  Passed CLARIHR.Application.UnitTests.CommercialAddonDomainTests.Create_ShouldRejectIncoherentPricingConfiguration [< 1 ms]
  Passed CLARIHR.Application.UnitTests.CommercialAddonDomainTests.Create_SpecializedPerSeat_ShouldAllowMinimumQuantity [< 1 ms]
  Passed CLARIHR.Application.UnitTests.PositionSlotAdministrationTests.Create_WhenJobProfileDoesNotResolveContractType_ShouldCreateIndefiniteSlot [5 ms]
  Passed CLARIHR.Application.UnitTests.PersonnelReferenceCatalogValidationTests.ValidatePersonalInfoCodesAsync_WhenDepartmentProvidedWithoutCountry_ShouldReturnValidationError [1 ms]
  Passed CLARIHR.Application.UnitTests.PersonnelReferenceCatalogValidationTests.ValidatePersonalInfoCodesAsync_WhenCodesAreActiveAndHierarchyIsValid_ShouldReturnNone [< 1 ms]
  Passed CLARIHR.Application.UnitTests.PositionSlotAdministrationTests.Update_WhenJobProfileDoesNotResolveContractType_ShouldResetFixedTermFlag [1 ms]
  Passed CLARIHR.Application.UnitTests.PersonnelReferenceCatalogValidationTests.ValidatePersonalInfoCodesAsync_WhenProfessionCodeIsInactive_ShouldReturnValidationError [1 ms]
  Passed CLARIHR.Application.UnitTests.AccountCompanyAdministrationTests.Create_WhenOwnerHasCapacity_ShouldProvisionCompanyWithoutSwitchingContext [14 ms]
  Passed CLARIHR.Application.UnitTests.PositionSlotAdministrationTests.CreateValidator_WhenEffectiveToIsBeforeEffectiveFrom_ShouldAttachErrorToEffectiveToUtc [2 ms]
  Passed CLARIHR.Application.UnitTests.PersonnelFileProfileItemCommandTests.AddAssociation_WhenRequestIsValid_ShouldPersistAndReturnCreatedItem [12 ms]
  Passed CLARIHR.Application.UnitTests.OrgStructureCatalogDomainTests.CompanyTypeCatalogItem_Create_ShouldNormalizeCodeAndName [5 ms]
  Passed CLARIHR.Application.UnitTests.OrgStructureCatalogDomainTests.OrgUnitTypeCatalogItem_Update_ShouldRefreshConcurrencyToken [< 1 ms]
  Passed CLARIHR.Application.UnitTests.OrgStructureCatalogDomainTests.Company_SetCompanyType_ShouldAllowNullAndPositiveIds [< 1 ms]
  Passed CLARIHR.Application.UnitTests.OrgStructureCatalogDomainTests.FunctionalAreaCatalogItem_Inactivate_ShouldDisableItem [4 ms]
  Passed CLARIHR.Application.UnitTests.ProvisionCompanyForUserCommandHandlerTests.Handle_WhenUserAlreadyProvisioned_ShouldReturnAlreadyProvisionedAndRepairOwnerRbac [38 ms]
  Passed CLARIHR.Application.UnitTests.SalaryTabulatorDomainTests.SalaryTabulatorChangeRequest_UpdateDraft_WhenSubmitted_ShouldThrow [9 ms]
  Passed CLARIHR.Application.UnitTests.AccountCompanyAdministrationTests.Archive_WhenCompanyIsActiveContext_ShouldReturnConflict [12 ms]
  Passed CLARIHR.Application.UnitTests.SalaryTabulatorDomainTests.SalaryTabulatorLine_Create_ShouldNormalizeCodesAndInitializeVersion [4 ms]
  Passed CLARIHR.Application.UnitTests.SalaryTabulatorDomainTests.SalaryTabulatorLine_ApplySameDateUpdate_ShouldBumpVersionAndToken [< 1 ms]
  Passed CLARIHR.Application.UnitTests.PersonnelFileProfileItemCommandTests.UpdateFamilyMember_WhenKinshipCodeIsInvalid_ShouldReturnValidationError [12 ms]
  Passed CLARIHR.Application.UnitTests.PersonnelFileProfileItemCommandTests.AddReference_WhenRequestIsValid_ShouldPersistAndReturnCreatedItem [< 1 ms]
  Passed CLARIHR.Application.UnitTests.AuditAdministrationTests.SanitizeToJson_WhenPayloadContainsSensitiveAndPiiFields_ShouldRemoveSecretsAndRedactPii [71 ms]
  Passed CLARIHR.Application.UnitTests.PersonnelFileProfileItemCommandTests.DeleteReference_WhenItemExists_ShouldRemoveItem [< 1 ms]
  Passed CLARIHR.Application.UnitTests.SalaryTabulatorDomainTests.SalaryTabulatorChangeRequest_Approve_WhenSelfApprovalIsBlocked_ShouldThrow [1 ms]
  Passed CLARIHR.Application.UnitTests.PersonnelFileProfileItemCommandTests.DeleteAssociation_WhenItemExists_ShouldRemoveItem [2 ms]
  Passed CLARIHR.Application.UnitTests.UserPreferenceAdministrationTests.UpdateCurrentUserPreferencesCommandValidator_WhenLanguageHasInvalidFormat_ShouldReturnValidationError [3 ms]
  Passed CLARIHR.Application.UnitTests.ProvisionCompanyForUserCommandHandlerTests.Handle_WhenCountryExistsInCatalog_ShouldProvisionUsingGenericLocationSeed [12 ms]
  Passed CLARIHR.Application.UnitTests.AuditAdministrationTests.GetAuditLogDetailQuery_WhenLogBelongsToAnotherTenant_ShouldReturnTenantMismatch [18 ms]
  Passed CLARIHR.Application.UnitTests.ProvisionCompanyForUserCommandHandlerTests.Handle_WhenCountryDoesNotExistInCatalog_ShouldReturnValidationError [12 ms]
  Passed CLARIHR.Application.UnitTests.ProvisionCompanyForUserCommandHandlerTests.Handle_WhenOwnerRoleExistsWithStalePermissions_ShouldAddMissingPermissionsAndSyncRole [2 ms]
  Passed CLARIHR.Application.UnitTests.FieldPermissionOverrideCacheTests.DistributedMode_WithoutProvider_ShouldFailFast [24 ms]
  Passed CLARIHR.Application.UnitTests.ProvisionCompanyForUserCommandHandlerTests.Handle_WhenInitialLegalRepresentativeOmitsPrimaryFlag_ShouldPersistNullPrimaryFlag [1 ms]
  Passed CLARIHR.Application.UnitTests.ProvisionCompanyForUserCommandHandlerTests.Handle_WhenSlugAlreadyExists_ShouldCreateIncrementedSlug [1 ms]
  Passed CLARIHR.Application.UnitTests.FieldPermissionOverrideCacheTests.Remove_ShouldInvalidateStoredOverrides [1 ms]
  Passed CLARIHR.Application.UnitTests.UserPreferenceAdministrationTests.ReplaceCurrentUserSocialLinksCommandHandler_WhenRequestIsValid_ShouldReplaceLinks [24 ms]
  Passed CLARIHR.Application.UnitTests.FieldPermissionOverrideCacheTests.MemoryOnlyMode_ShouldRoundTripOverrides [8 ms]
  Passed CLARIHR.Application.UnitTests.UserPreferenceAdministrationTests.GetCurrentUserPreferencesQueryHandler_WhenPreferenceDoesNotExist_ShouldCreateDefaultLanguage [3 ms]
  Passed CLARIHR.Application.UnitTests.UserPreferenceAdministrationTests.UpdateCurrentUserPreferencesCommandHandler_WhenPreferenceExists_ShouldUpdateLanguage [< 1 ms]
  Passed CLARIHR.Application.UnitTests.ProvisionCompanyForUserCommandHandlerTests.Handle_WhenUserIsNew_ShouldCreateCompanyPlanRolesPermissionsAndMembership [11 ms]
  Passed CLARIHR.Application.UnitTests.ProvisionCompanyForUserCommandHandlerTests.Handle_WhenInitialLegalRepresentativeMissingForNewProvisioning_ShouldReturnValidationError [11 ms]
  Passed CLARIHR.Application.UnitTests.AuditAdministrationTests.GetAuditLogsQuery_WhenRepositoryContainsMultipleTenants_ShouldReturnCurrentTenantOnly [28 ms]
  Passed CLARIHR.Application.UnitTests.AuditAdministrationTests.GetAuditLogsQuery_WhenFilteringByEntityIdAndType_ShouldReturnOnlyMatchingItemsAndCount [2 ms]
  Passed CLARIHR.Application.UnitTests.CompanySubscriptionAddonManagementTests.CancelScheduledChange_ShouldSetCancelledAndKeepRequestedStatusSnapshot [7 ms]
  Passed CLARIHR.Application.UnitTests.FieldPermissionOverrideCacheTests.DistributedMode_ShouldRoundTripOverrides [21 ms]
  Passed CLARIHR.Application.UnitTests.AccountCompanyAdministrationTests.Switch_ShouldUpdatePrimaryMembershipAndReturnTokenForTargetTenant [58 ms]
  Passed CLARIHR.Application.UnitTests.CompanySubscriptionAddonManagementTests.CompanyAddonState_ShouldScheduleApplyAndRestoreStatuses [3 ms]
  Passed CLARIHR.Application.UnitTests.CompanySubscriptionAddonManagementTests.CreateImmediateActivationChange_ShouldBeAppliedAndCaptureSnapshot [< 1 ms]
  Passed CLARIHR.Application.UnitTests.CompanySubscriptionStateManagementTests.PromoteScheduled_BeforeStartDate_ShouldThrow [1 ms]
  Passed CLARIHR.Application.UnitTests.CompanySubscriptionStateManagementTests.Cancel_WhenSubscriptionWasScheduled_ShouldKeepEndDateNull [< 1 ms]
  Passed CLARIHR.Application.UnitTests.AccountCompanyAdministrationTests.Update_ShouldRenameCompanyAndKeepSlug [7 ms]
  Passed CLARIHR.Application.UnitTests.JwtTokenServiceTests.GeneratePlatformAsync_WhenConfigured_ShouldEmitPlatformClientTokenWithoutTenant [92 ms]
  Passed CLARIHR.Application.UnitTests.IgnoreQueryFiltersGovernanceTests.InfrastructureIgnoreQueryFilters_ShouldDocumentEveryIntentionalBypass [135 ms]
  Passed CLARIHR.Application.UnitTests.AccountCompanyAdministrationTests.Archive_WhenCompanyIsNotOwned_ShouldReturnForbidden [1 ms]
  Passed CLARIHR.Application.UnitTests.UserPreferenceAdministrationTests.ReplaceCurrentUserSocialLinksCommandValidator_WhenProviderCodesRepeat_ShouldReturnValidationError [33 ms]
  Passed CLARIHR.Application.UnitTests.AccountCompanyAdministrationTests.Reactivate_WhenLimitWouldBeExceeded_ShouldReturnConflict [2 ms]
  Passed CLARIHR.Application.UnitTests.JwtTokenServiceTests.GenerateAsync_WhenConfigured_ShouldPersistRefreshTokenAndReturnTokenPair [5 ms]
  Passed CLARIHR.Application.UnitTests.JwtTokenServiceTests.GenerateAsync_WhenUserPreferenceMissing_ShouldEmitDefaultLanguageClaim [< 1 ms]
  Passed CLARIHR.Application.UnitTests.CompanySubscriptionStateManagementTests.Suspend_ThenReactivate_ShouldTrackTransitionsAndRestoreActive [11 ms]
  Passed CLARIHR.Application.UnitTests.CompanySubscriptionStateManagementTests.Reactivate_WhenSuspensionIsPastExpiration_ShouldThrow [< 1 ms]
  Passed CLARIHR.Application.UnitTests.CompanySubscriptionStateManagementTests.SubscriptionStatusPolicy_ShouldExposeCapabilitiesAndTransitionRules [< 1 ms]
  Passed CLARIHR.Application.UnitTests.LocationRulesTests.WorkCenterRules_ValidateAssignmentAsync_WhenAddressIsRequired_ShouldReturnValidationError [5 ms]
  Passed CLARIHR.Application.UnitTests.RegisterExternalUserCommandHandlerTests.Handle_WhenExistingUserCannotBeLinkedSafelyByEmail_ShouldReturnConflict [9 ms]
  Passed CLARIHR.Application.UnitTests.RegisterExternalUserCommandHandlerTests.Handle_WhenTokenGenerationFails_ShouldReturnTokenErrorAndRollback [< 1 ms]
  Passed CLARIHR.Application.UnitTests.RegisterExternalUserCommandHandlerTests.Handle_WhenUserExists_ShouldReturnOkAndLinkProviderIfMissing [< 1 ms]
  Passed CLARIHR.Application.UnitTests.RegisterExternalUserCommandHandlerTests.Handle_WhenValidatedTokenHasNoEmail_ShouldReturnUnprocessableEntity [< 1 ms]
  Passed CLARIHR.Application.UnitTests.JwtTokenServiceTests.GenerateLoginAsync_WhenConfigured_ShouldExcludeRoleAndPermissionClaims [6 ms]
  Passed CLARIHR.Application.UnitTests.JwtTokenServiceTests.GenerateForTenantAsync_WhenTenantIsExplicit_ShouldUseTenantRoleClaim [< 1 ms]
  Passed CLARIHR.Application.UnitTests.RegisterExternalUserCommandHandlerTests.Handle_WhenUserDoesNotExist_ShouldCreateUserAndReturnCreatedResult [2 ms]
  Passed CLARIHR.Application.UnitTests.RegisterExternalUserCommandHandlerTests.Handle_WhenTokenIsInvalid_ShouldReturnUnauthorized [< 1 ms]
  Passed CLARIHR.Application.UnitTests.AccountCompanyAdministrationTests.Reactivate_WhenArchivedAndWithinLimit_ShouldReturnActiveCompany [11 ms]
  Passed CLARIHR.Application.UnitTests.SalaryTabulatorDomainTests.CreateSalaryTabulatorChangeRequestValidator_WhenMultipleItems_ShouldBeValid [82 ms]
  Passed CLARIHR.Application.UnitTests.LogoutCommandHandlerTests.Handle_WhenCurrentUserExists_ShouldRevokeActiveRefreshTokens [5 ms]
  Passed CLARIHR.Application.UnitTests.LogoutCommandHandlerTests.Handle_WhenCurrentUserIdIsInvalid_ShouldReturnUnauthorized [< 1 ms]
  Passed CLARIHR.Application.UnitTests.LocationRulesTests.LocationDependencyPolicy_WhenGroupHasActiveWorkCenters_ShouldReturnConflict [10 ms]
  Passed CLARIHR.Application.UnitTests.LocationRulesTests.LocationDependencyPolicy_WhenTypeIsInUse_ShouldReturnConflict [< 1 ms]
  Passed CLARIHR.Application.UnitTests.GoogleExternalAuthProviderServiceTests.ValidateAsync_WhenEmailIsVerifiedButNotAuthoritative_ShouldDisallowAutoLink [1 ms]
  Passed CLARIHR.Application.UnitTests.LocationRulesTests.WorkCenterRules_ValidateAssignmentAsync_WhenLevelDoesNotAllowWorkCenters_ShouldReturnConflict [< 1 ms]
  Passed CLARIHR.Application.UnitTests.BankCatalogDomainTests.Update_ShouldAllowClearingOptionalMetadata [2 ms]
  Passed CLARIHR.Application.UnitTests.GoogleExternalAuthProviderServiceTests.ValidateAsync_WhenEmailIsVerifiedGmail_ShouldAllowAutoLink [< 1 ms]
  Passed CLARIHR.Application.UnitTests.BankCatalogDomainTests.Create_ShouldNormalizeOptionalMetadata [< 1 ms]
  Passed CLARIHR.Application.UnitTests.GoogleExternalAuthProviderServiceTests.ValidateAsync_WhenTokenIsInvalid_ShouldReturnUnauthorized [< 1 ms]
  Passed CLARIHR.Application.UnitTests.AccountCompanyAdministrationTests.Create_WhenOwnerReachedLimit_ShouldReturnConflict [6 ms]
  Passed CLARIHR.Application.UnitTests.BackendMessageLocalizationTests.EnglishAndSpanishResources_ShouldHaveTheSameKeys [33 ms]
  Passed CLARIHR.Application.UnitTests.GoogleExternalAuthProviderServiceTests.ValidateAsync_WhenWorkspaceDomainIsPresent_ShouldAllowAutoLink [6 ms]
  Passed CLARIHR.Application.UnitTests.GoogleExternalAuthProviderServiceTests.ValidateAsync_WhenProviderIsNotGoogle_ShouldReturnValidationError [2 ms]
  Passed CLARIHR.Application.UnitTests.GoogleExternalAuthProviderServiceTests.ValidateAsync_WhenClientIdIsMissing_ShouldReturnUnexpectedError [< 1 ms]
  Passed CLARIHR.Application.UnitTests.HttpTenantContextTests.TenantId_ShouldResolve_FromMappedTenantIdClaim [< 1 ms]
  Passed CLARIHR.Application.UnitTests.HttpTenantContextTests.TenantId_ShouldResolve_FromTidClaim [< 1 ms]
  Passed CLARIHR.Application.UnitTests.HttpTenantContextTests.TenantId_ShouldPreferAmbientTenant_WhenPresent [3 ms]
  Passed CLARIHR.Application.UnitTests.HttpTenantContextTests.TenantId_ShouldReturnNull_WhenClaimIsMissingOrInvalid [< 1 ms]
  Passed CLARIHR.Application.UnitTests.RegisterUserCommandHandlerTests.Handle_WhenUserIsNew_ShouldCreateUserAndReturnTokens [14 ms]
  Passed CLARIHR.Application.UnitTests.RegisterUserCommandHandlerTests.Handle_WhenTokenGenerationFails_ShouldReturnTokenErrorAndRollback [< 1 ms]
  Passed CLARIHR.Application.UnitTests.RegisterUserCommandHandlerTests.Handle_WhenEmailAlreadyExists_ShouldReturnConflict [< 1 ms]
  Passed CLARIHR.Application.UnitTests.PersonnelFileDomainTests.PersonnelFileLanguage_Create_WithoutSkills_ShouldThrow [< 1 ms]
  Passed CLARIHR.Application.UnitTests.JwtTokenServiceTests.RefreshAsync_WhenRefreshTokenIsActive_ShouldRotateRefreshToken [24 ms]
  Passed CLARIHR.Application.UnitTests.PersonnelFileAdministrationValidationTests.CreateValidator_WhenEmployeeMissingAssignedPositionSlot_ShouldAttachErrorToPublicFieldKey [52 ms]
  Passed CLARIHR.Application.UnitTests.PersonnelFileDomainTests.PersonnelFile_UpdateEmergencyContact_ShouldUpdateRowAndRefreshConcurrencyToken [< 1 ms]
  Passed CLARIHR.Application.UnitTests.CostCenterDomainTests.CostCenter_Create_ShouldNormalizeCodeAndName [15 ms]
  Passed CLARIHR.Application.UnitTests.PersonnelFileAdministrationValidationTests.CreateValidator_WhenIdentificationsAreRemovedFromCreate_ShouldRemainValid [< 1 ms]
  Passed CLARIHR.Application.UnitTests.CostCenterDomainTests.CostCenter_ActivateInactivate_ShouldUpdateStateAndToken [< 1 ms]
  Passed CLARIHR.Application.UnitTests.JwtTokenServiceTests.RefreshAsync_WhenRotatedTokenIsReused_ShouldRevokeTokenFamily [2 ms]
  Passed CLARIHR.Application.UnitTests.PersonnelFileDomainTests.PersonnelFile_UpdateFamilyMember_ShouldUpdateRowAndRefreshConcurrencyToken [3 ms]
  Passed CLARIHR.Application.UnitTests.PersonnelFileDomainTests.PersonnelFile_UpdateLanguage_ShouldUpdateFieldsAndRefreshConcurrencyToken [< 1 ms]
  Passed CLARIHR.Application.UnitTests.CostCenterDomainTests.CostCenter_Update_ShouldRefreshConcurrencyToken [3 ms]
  Passed CLARIHR.Application.UnitTests.PositionSlotDomainTests.PositionSlotDependencyAnalyzer_WouldCreateDirectCycle_ShouldReturnTrue [1 ms]
  Passed CLARIHR.Application.UnitTests.SecurityHeadersMiddlewareTests.BackofficeSecurityHeaders_WhenPathStartsWithApi_ShouldDisableCaching(path: "/api/platform/companies/aaaaaaaa-aaaa-aaaa-aaaa-aa"···) [6 ms]
  Passed CLARIHR.Application.UnitTests.SecurityHeadersMiddlewareTests.BackofficeSecurityHeaders_WhenPathStartsWithApi_ShouldDisableCaching(path: "/api/platform/auth/login") [< 1 ms]
  Passed CLARIHR.Application.UnitTests.CompanyUserManagementTests.Handle_WhenGettingSingleUser_ShouldReturnTenantScopedUser [21 ms]
  Passed CLARIHR.Application.UnitTests.PersonnelFileDomainTests.PersonnelFileEducation_Update_WhenNotCurrentlyStudyingAndNoEndDate_ShouldThrow [2 ms]
  Passed CLARIHR.Application.UnitTests.PersonnelFileDomainTests.PersonnelFile_RemoveBankAccount_ShouldRemoveRowAndRefreshConcurrencyToken [< 1 ms]
  Passed CLARIHR.Application.UnitTests.SecurityHeadersMiddlewareTests.CoreApiSecurityHeaders_WhenPathStartsWithApi_ShouldDisableCaching(path: "/api/auth/login") [1 ms]
  Passed CLARIHR.Application.UnitTests.SecurityHeadersMiddlewareTests.CoreApiSecurityHeaders_WhenPathStartsWithApi_ShouldDisableCaching(path: "/api/v1/personnel-file-documents/aaaaaaaa-aaaa-aaa"···) [< 1 ms]
  Passed CLARIHR.Application.UnitTests.PersonnelFileDomainTests.PersonnelFileEducation_Create_WithApprovedSubjectsOverTotal_ShouldThrow [< 1 ms]
  Passed CLARIHR.Application.UnitTests.PersonnelFileDomainTests.PersonnelFile_UpdateAddress_ShouldUpdateRowAndRefreshConcurrencyToken [< 1 ms]
  Passed CLARIHR.Application.UnitTests.PersonnelFileDomainTests.PersonnelFile_UpdateBankAccount_ShouldUpdateRowAndRefreshConcurrencyToken [< 1 ms]
  Passed CLARIHR.Application.UnitTests.PersonnelFileDomainTests.PersonnelFile_RemoveAssociation_WhenNotFound_ShouldThrow [< 1 ms]
  Passed CLARIHR.Application.UnitTests.PositionSlotDomainTests.PositionSlot_UpdateOccupancy_ShouldRecalculateStatus [4 ms]
  Passed CLARIHR.Application.UnitTests.PersonnelFileDomainTests.PersonnelFile_RemoveEducation_ShouldRemoveRowAndRefreshConcurrencyToken [1 ms]
  Passed CLARIHR.Application.UnitTests.PositionSlotDomainTests.PositionSlot_UpdateOccupancy_WhenSuspended_ShouldThrow [2 ms]
  Passed CLARIHR.Application.UnitTests.PositionSlotDomainTests.PositionSlot_ChangeStatus_ShouldAutoCorrectOccupancy [< 1 ms]
  Passed CLARIHR.Application.UnitTests.PositionSlotDomainTests.PositionSlot_Create_ShouldNormalizeCodeAndSetStatus [< 1 ms]
  Passed CLARIHR.Application.UnitTests.PersonnelFileDomainTests.PersonnelFile_RemoveLanguage_ShouldRemoveRowAndRefreshConcurrencyToken [1 ms]
  Passed CLARIHR.Application.UnitTests.CommercialAddonAdministrationTests.Create_WhenCodeAlreadyExists_ShouldReturnConflict [7 ms]
  Passed CLARIHR.Application.UnitTests.PersonnelFileDomainTests.PersonnelFileAssociation_Update_WhenLeftDateBeforeJoinedDate_ShouldThrow [< 1 ms]
  Passed CLARIHR.Application.UnitTests.PersonnelFileDomainTests.PersonnelFile_UpdateAssociation_ShouldUpdateFieldsAndRefreshConcurrencyToken [< 1 ms]
  Passed CLARIHR.Application.UnitTests.PersonnelFileAdministrationValidationTests.EmployeeRelationInputValidator_WhenRelatedEmployeePublicIdIsEmpty_ShouldAttachError [11 ms]
  Passed CLARIHR.Application.UnitTests.PersonnelFileDomainTests.PersonnelFile_RemoveEmergencyContact_ShouldRemoveRowAndRefreshConcurrencyToken [< 1 ms]
  Passed CLARIHR.Application.UnitTests.PersonnelFileDomainTests.PersonnelFile_UpdateIdentification_WhenNotFound_ShouldThrow [< 1 ms]
  Passed CLARIHR.Application.UnitTests.PersonnelFileAdministrationValidationTests.CreateValidator_WhenCandidateProvidesAssignedPositionSlot_ShouldAttachErrorToPublicFieldKey [4 ms]
  Passed CLARIHR.Application.UnitTests.CommercialAddonAdministrationTests.GetById_WhenAddonDoesNotExist_ShouldReturnNotFound [5 ms]
  Passed CLARIHR.Application.UnitTests.PersonnelFileDomainTests.PersonnelFile_UpdateIdentification_ShouldUpdateRowAndRefreshConcurrencyToken [6 ms]
  Passed CLARIHR.Application.UnitTests.PersonnelFileDomainTests.PersonnelFile_RemoveAssociation_ShouldRemoveRowAndRefreshConcurrencyToken [2 ms]
  Passed CLARIHR.Application.UnitTests.PersonnelFileDomainTests.PersonnelFile_UpdateEducation_WhenNotFound_ShouldThrow [< 1 ms]
  Passed CLARIHR.Application.UnitTests.CommercialAddonAdministrationTests.Activate_WhenAddonAlreadyActive_ShouldReturnConflict [5 ms]
  Passed CLARIHR.Application.UnitTests.CommercialAddonAdministrationTests.Create_WhenAuthorizationFails_ShouldReturnForbidden [< 1 ms]
  Passed CLARIHR.Application.UnitTests.PersonnelFileDomainTests.PersonnelFilePreviousEmployment_Create_WithNegativeSalary_ShouldThrow [1 ms]
  Passed CLARIHR.Application.UnitTests.PersonnelFileDomainTests.PersonnelFileReference_Create_WithNegativeKnownTime_ShouldThrow [< 1 ms]
  Passed CLARIHR.Application.UnitTests.PersonnelFileDomainTests.PersonnelFileIdentification_Create_WithInvalidDates_ShouldThrow [< 1 ms]
  Passed CLARIHR.Application.UnitTests.PersonnelFileDomainTests.PersonnelFileEducation_Update_WhenApprovedSubjectsOverTotal_ShouldThrow [< 1 ms]
  Passed CLARIHR.Application.UnitTests.CompanyUserManagementTests.Handle_WhenResettingInvitation_ShouldRevokePreviousTokenAndIssueNewOne [18 ms]
  Passed CLARIHR.Application.UnitTests.RegisterUserCommandValidatorTests.Validate_WhenPasswordContainsPersonalInfo_ShouldReturnValidationErrors [18 ms]
  Passed CLARIHR.Application.UnitTests.RegisterUserCommandValidatorTests.Validate_WhenSourceContainsInvalidCharacters_ShouldReturnValidationErrors [< 1 ms]
  Passed CLARIHR.Application.UnitTests.RegisterUserCommandValidatorTests.Validate_WhenFirstNameContainsInvalidCharacters_ShouldReturnValidationErrors [< 1 ms]
  Passed CLARIHR.Application.UnitTests.RegisterUserCommandValidatorTests.Validate_WhenCommandIsValid_ShouldNotReturnErrors [< 1 ms]
  Passed CLARIHR.Application.UnitTests.RegisterUserCommandValidatorTests.Validate_WhenPasswordDoesNotMeetPolicy_ShouldReturnValidationErrors [< 1 ms]
  Passed CLARIHR.Application.UnitTests.PersonnelFileDomainTests.PersonnelFileEducation_Update_WhenEndDateBeforeStartDate_ShouldThrow [3 ms]
  Passed CLARIHR.Application.UnitTests.PersonnelFileDomainTests.PersonnelFile_UpdateAssociation_WhenNotFound_ShouldThrow [< 1 ms]
  Passed CLARIHR.Application.UnitTests.PersonnelFileDomainTests.PersonnelFile_Create_ShouldNormalizeFullName [< 1 ms]
  Passed CLARIHR.Application.UnitTests.PersonnelFileDomainTests.PersonnelFile_Complete_ShouldSetLifecycleAndLinkedUser [< 1 ms]
  Passed CLARIHR.Application.UnitTests.PersonnelFileDomainTests.PersonnelFile_AddBankAccount_ShouldAppendRowAndRefreshConcurrencyToken [< 1 ms]
  Passed CLARIHR.Application.UnitTests.PersonnelFileDomainTests.PersonnelFile_AddIdentification_ShouldAppendRowAndRefreshConcurrencyToken [< 1 ms]
  Passed CLARIHR.Application.UnitTests.PersonnelFileDomainTests.PersonnelFile_Create_ShouldNormalizeReferenceCatalogCodes [< 1 ms]
  Passed CLARIHR.Application.UnitTests.BackendMessageLocalizationTests.InlineHandlerErrors_ShouldAlsoBeCoveredByResources [43 ms]
  Passed CLARIHR.Application.UnitTests.PersonnelFileAdministrationValidationTests.UpdatePersonalInfoValidator_WhenEmployeeMissingAssignedPositionSlot_ShouldAttachErrorToPublicFieldKey [13 ms]
  Passed CLARIHR.Application.UnitTests.CommercialAddonAdministrationTests.Update_ShouldRefreshConcurrencyToken_AndEditableFields [7 ms]
  Passed CLARIHR.Application.UnitTests.PersonnelFileAdministrationValidationTests.AddEmployeeRelationValidator_WhenRelationshipIsMissing_ShouldAttachFieldError [1 ms]
  Passed CLARIHR.Application.UnitTests.PersonnelFileDomainTests.PersonnelFile_RemoveAddress_ShouldRemoveRowAndRefreshConcurrencyToken [2 ms]
  Passed CLARIHR.Application.UnitTests.PersonnelFileDomainTests.PersonnelFile_AddAddress_ShouldAppendRowAndRefreshConcurrencyToken [< 1 ms]
  Passed CLARIHR.Application.UnitTests.CommercialAddonAdministrationTests.Create_WhenSpecializedConfigurationIsValid_ShouldPersistAddon [< 1 ms]
  Passed CLARIHR.Application.UnitTests.PersonnelFileDomainTests.PersonnelFile_UpdatePersonalInfo_ShouldRefreshConcurrencyToken [< 1 ms]
  Passed CLARIHR.Application.UnitTests.CompanyUserManagementTests.Handle_WhenDeactivatingUser_ShouldWriteAuditLog [8 ms]
  Passed CLARIHR.Application.UnitTests.PersonnelFileDomainTests.PersonnelFileTraining_Create_WithNegativeCost_ShouldThrow [3 ms]
  Passed CLARIHR.Application.UnitTests.PersonnelFileDomainTests.PersonnelFile_CompleteWithoutLinkedUser_ShouldSetLifecycleAndKeepLinkedUserNull [< 1 ms]
  Passed CLARIHR.Application.UnitTests.PersonnelFileDomainTests.PersonnelFile_AddEducation_ShouldAppendRowAndRefreshConcurrencyToken [< 1 ms]
  Passed CLARIHR.Application.UnitTests.PersonnelFileDynamicQueryValidatorTests.Search_WithUnsupportedSortBy_ShouldFail [63 ms]
  Passed CLARIHR.Application.UnitTests.PersonnelFileDomainTests.PersonnelFileLanguage_Update_WithoutSkills_ShouldThrow [< 1 ms]
  Passed CLARIHR.Application.UnitTests.PersonnelFileDomainTests.PersonnelFileFamilyMember_Create_WithConditionalFieldsInvalid_ShouldThrow [< 1 ms]
  Passed CLARIHR.Application.UnitTests.PersonnelFileDynamicQueryValidatorTests.DynamicQuery_WithSupportedFields_ShouldBeValid [1 ms]
  Passed CLARIHR.Application.UnitTests.PersonnelFileDynamicQueryValidatorTests.DynamicQuery_WithUnsupportedGroupField_ShouldFail [< 1 ms]
  Passed CLARIHR.Application.UnitTests.PersonnelFileDynamicQueryValidatorTests.DynamicQuery_WithUnsupportedFilterOperator_ShouldFail [< 1 ms]
  Passed CLARIHR.Application.UnitTests.PersonnelFileDynamicQueryValidatorTests.Export_WithUnsupportedSortBy_ShouldFail [< 1 ms]
  Passed CLARIHR.Application.UnitTests.PersonnelFileDomainTests.PersonnelFile_UpdateEducation_ShouldUpdateFieldsAndRefreshConcurrencyToken [< 1 ms]
  Passed CLARIHR.Application.UnitTests.PersonnelFileDomainTests.PersonnelFile_ReplaceIdentifications_ShouldRemovePreviousRows [< 1 ms]
  Passed CLARIHR.Application.UnitTests.CompanyUserManagementTests.Handle_WhenDeactivatingLastAdministrator_ShouldReturnConflict [7 ms]
  Passed CLARIHR.Application.UnitTests.PersonnelFileDomainTests.PersonnelFile_RemoveFamilyMember_ShouldRemoveRowAndRefreshConcurrencyToken [< 1 ms]
  Passed CLARIHR.Application.UnitTests.PersonnelFileDomainTests.PersonnelFile_AddLanguage_ShouldAppendRowAndRefreshConcurrencyToken [< 1 ms]
  Passed CLARIHR.Application.UnitTests.PersonnelFileDomainTests.PersonnelFile_AddAssociation_ShouldAppendRowAndRefreshConcurrencyToken [< 1 ms]
  Passed CLARIHR.Application.UnitTests.PersonnelFileDomainTests.PersonnelFile_RemoveLanguage_WhenNotFound_ShouldThrow [< 1 ms]
  Passed CLARIHR.Application.UnitTests.PersonnelFileDomainTests.PersonnelFile_UpdateLanguage_WhenNotFound_ShouldThrow [< 1 ms]
  Passed CLARIHR.Application.UnitTests.PersonnelFileDomainTests.PersonnelFile_UpdateBankAccount_WhenNotFound_ShouldThrow [< 1 ms]
  Passed CLARIHR.Application.UnitTests.PersonnelFileDomainTests.PersonnelFile_AddFamilyMember_ShouldAppendRowAndRefreshConcurrencyToken [< 1 ms]
  Passed CLARIHR.Application.UnitTests.PersonnelFileDomainTests.PersonnelFile_AddEmergencyContact_ShouldAppendRowAndRefreshConcurrencyToken [< 1 ms]
  Passed CLARIHR.Application.UnitTests.PersonnelFileDomainTests.PersonnelFile_UpdatePersonalInfo_WhenCompletedChangesProvisioningFields_ShouldThrow [< 1 ms]
  Passed CLARIHR.Application.UnitTests.PersonnelFileDomainTests.PersonnelFile_RemoveEducation_WhenNotFound_ShouldThrow [< 1 ms]
  Passed CLARIHR.Application.UnitTests.CompanyUserManagementTests.Handle_WhenReactivatingInactiveUser_ShouldReactivateMembershipAndIamUser [4 ms]
[xUnit.net 00:00:00.42]       Error codes missing in BackendMessages.resx:
[xUnit.net 00:00:00.42]       EDUCATION_CATALOG_CODE_CONFLICT
[xUnit.net 00:00:00.42]       EDUCATION_CATALOG_ITEM_IN_USE
[xUnit.net 00:00:00.42]       EDUCATION_CATALOG_ITEM_NOT_FOUND
[xUnit.net 00:00:00.42]       PERSONNEL_FILE_ITEM_NOT_FOUND
[xUnit.net 00:00:00.42]       Stack Trace:
[xUnit.net 00:00:00.42]         /Users/christophercanas/Developments/CLARI NEW VERSION/clarihr-backend/CLARIHR-backend/tests/CLARIHR.Application.UnitTests/BackendMessageLocalizationTests.cs(258,0): at CLARIHR.Application.UnitTests.BackendMessageLocalizationTests.AssertNoMissing(String title, IReadOnlyCollection`1 missingItems)
[xUnit.net 00:00:00.42]         /Users/christophercanas/Developments/CLARI NEW VERSION/clarihr-backend/CLARIHR-backend/tests/CLARIHR.Application.UnitTests/BackendMessageLocalizationTests.cs(81,0): at CLARIHR.Application.UnitTests.BackendMessageLocalizationTests.ResourceCatalog_ShouldContainAllApplicationErrorCodes_InEnglishAndSpanish()
[xUnit.net 00:00:00.42]            at System.Reflection.MethodBaseInvoker.InterpretedInvoke_Method(Object obj, IntPtr* args)
[xUnit.net 00:00:00.42]            at System.Reflection.MethodBaseInvoker.InvokeWithNoArgs(Object obj, BindingFlags invokeAttr)
  Passed CLARIHR.Application.UnitTests.CompanyUserManagementTests.Handle_WhenRoleIsInvalid_ShouldReturnNotFound [3 ms]
  Passed CLARIHR.Application.UnitTests.CompanyUserManagementTests.Handle_WhenUserAlreadyBelongsToCompany_ShouldReturnConflict [2 ms]
  Failed CLARIHR.Application.UnitTests.BackendMessageLocalizationTests.ResourceCatalog_ShouldContainAllApplicationErrorCodes_InEnglishAndSpanish [17 ms]
  Error Message:
   Error codes missing in BackendMessages.resx:
EDUCATION_CATALOG_CODE_CONFLICT
EDUCATION_CATALOG_ITEM_IN_USE
EDUCATION_CATALOG_ITEM_NOT_FOUND
PERSONNEL_FILE_ITEM_NOT_FOUND
  Stack Trace:
     at CLARIHR.Application.UnitTests.BackendMessageLocalizationTests.AssertNoMissing(String title, IReadOnlyCollection`1 missingItems) in /Users/christophercanas/Developments/CLARI NEW VERSION/clarihr-backend/CLARIHR-backend/tests/CLARIHR.Application.UnitTests/BackendMessageLocalizationTests.cs:line 258
   at CLARIHR.Application.UnitTests.BackendMessageLocalizationTests.ResourceCatalog_ShouldContainAllApplicationErrorCodes_InEnglishAndSpanish() in /Users/christophercanas/Developments/CLARI NEW VERSION/clarihr-backend/CLARIHR-backend/tests/CLARIHR.Application.UnitTests/BackendMessageLocalizationTests.cs:line 81
   at System.Reflection.MethodBaseInvoker.InterpretedInvoke_Method(Object obj, IntPtr* args)
   at System.Reflection.MethodBaseInvoker.InvokeWithNoArgs(Object obj, BindingFlags invokeAttr)
  Passed CLARIHR.Application.UnitTests.CompanyUserManagementTests.Handle_WhenInvitingNewUser_ShouldCreatePendingUserMembershipInvitationAndIamUser [3 ms]
  Passed CLARIHR.Application.UnitTests.BackendMessageLocalizationTests.Localize_WhenCompanyNotFoundAndCultureIsSpanish_ShouldReturnSpanishMessage [2 ms]
  Passed CLARIHR.Application.UnitTests.CompanyUserManagementTests.Handle_WhenListingUsers_ShouldReturnOnlyCurrentTenantUsers [6 ms]
  Passed CLARIHR.Application.UnitTests.DependencyInjectionTests.ServiceProvider_BuildsWithoutCircularDependencies [175 ms]
  Passed CLARIHR.Application.UnitTests.CommercialAddonAdministrationTests.CreateValidator_WhenSpecializedPerSeatUnitDoesNotContainSeat_ShouldRejectCommand [30 ms]
[xUnit.net 00:00:00.44]       Validation keys missing in BackendMessages.resx:
[xUnit.net 00:00:00.44]       validation.message.filename_and_contenttype_are_required_when_replacing_the_file
[xUnit.net 00:00:00.44]       Stack Trace:
[xUnit.net 00:00:00.44]         /Users/christophercanas/Developments/CLARI NEW VERSION/clarihr-backend/CLARIHR-backend/tests/CLARIHR.Application.UnitTests/BackendMessageLocalizationTests.cs(258,0): at CLARIHR.Application.UnitTests.BackendMessageLocalizationTests.AssertNoMissing(String title, IReadOnlyCollection`1 missingItems)
[xUnit.net 00:00:00.44]         /Users/christophercanas/Developments/CLARI NEW VERSION/clarihr-backend/CLARIHR-backend/tests/CLARIHR.Application.UnitTests/BackendMessageLocalizationTests.cs(103,0): at CLARIHR.Application.UnitTests.BackendMessageLocalizationTests.ResourceCatalog_ShouldContainAllValidationMessages_InEnglishAndSpanish()
[xUnit.net 00:00:00.44]            at System.Reflection.MethodBaseInvoker.InterpretedInvoke_Method(Object obj, IntPtr* args)
[xUnit.net 00:00:00.44]            at System.Reflection.MethodBaseInvoker.InvokeWithNoArgs(Object obj, BindingFlags invokeAttr)
  Passed CLARIHR.Application.UnitTests.CommercialAddonAdministrationTests.Update_WhenConcurrencyTokenDoesNotMatch_ShouldReturnConflict [< 1 ms]
  Passed CLARIHR.Application.UnitTests.CommercialAddonAdministrationTests.Search_ShouldApplyStatusSearchAndPagination [2 ms]
  Passed CLARIHR.Application.UnitTests.CompanyUserManagementTests.Handle_WhenUpdatingNonEditableField_ShouldReturnFieldEditForbidden [7 ms]
  Passed CLARIHR.Application.UnitTests.CompanyUserManagementTests.Handle_WhenAcceptingInvitation_ShouldActivateUserMembershipAndIamUser [5 ms]
  Passed CLARIHR.Application.UnitTests.CompanyUserManagementTests.Handle_WhenInvitationTokenIsInvalid_ShouldReturnUnauthorized [2 ms]
  Passed CLARIHR.Application.UnitTests.CompanyUserManagementTests.Handle_WhenUserBelongsToAnotherTenant_ShouldReturnTenantMismatch [2 ms]
  Passed CLARIHR.Application.UnitTests.CompanyUserManagementTests.Handle_WhenEmailVisibilityIsDisabled_ShouldHideEmailInListing [< 1 ms]
  Passed CLARIHR.Application.UnitTests.CompanyUserManagementTests.Handle_WhenUpdatingUser_ShouldWriteAuditLog [1 ms]
  Failed CLARIHR.Application.UnitTests.BackendMessageLocalizationTests.ResourceCatalog_ShouldContainAllValidationMessages_InEnglishAndSpanish [23 ms]
  Error Message:
   Validation keys missing in BackendMessages.resx:
validation.message.filename_and_contenttype_are_required_when_replacing_the_file
  Stack Trace:
     at CLARIHR.Application.UnitTests.BackendMessageLocalizationTests.AssertNoMissing(String title, IReadOnlyCollection`1 missingItems) in /Users/christophercanas/Developments/CLARI NEW VERSION/clarihr-backend/CLARIHR-backend/tests/CLARIHR.Application.UnitTests/BackendMessageLocalizationTests.cs:line 258
   at CLARIHR.Application.UnitTests.BackendMessageLocalizationTests.ResourceCatalog_ShouldContainAllValidationMessages_InEnglishAndSpanish() in /Users/christophercanas/Developments/CLARI NEW VERSION/clarihr-backend/CLARIHR-backend/tests/CLARIHR.Application.UnitTests/BackendMessageLocalizationTests.cs:line 103
   at System.Reflection.MethodBaseInvoker.InterpretedInvoke_Method(Object obj, IntPtr* args)
   at System.Reflection.MethodBaseInvoker.InvokeWithNoArgs(Object obj, BindingFlags invokeAttr)
  Passed CLARIHR.Application.UnitTests.ApplicationDbContextTenantFilterTests.SaveChangesAsync_WhenTenantScopedEntityHasNoTenantContext_ShouldFailBeforePersisting [1 s]
[xUnit.net 00:00:01.37]   Finished:    CLARIHR.Application.UnitTests
  Passed CLARIHR.Application.UnitTests.ApplicationDbContextTenantFilterTests.TenantFilter_ShouldUseFailClosedExpressionForTenantScopedEntities [23 ms]

Total tests: 366
     Passed: 364
     Failed: 2
 Total time: 1.6893 Seconds
